// Vitest Snapshot v1

exports[`App > should render 1`] = `
<body>
  <div>
    <div
      class="_content_6dc87e"
    >
      <button
        class="_openDialog_6dc87e"
      >
        Open dialog
      </button>
      <dialog
        class="_dialog_40d523"
      >
        <header
          class="_header_40d523"
        >
          <h2
            class="_title_40d523"
          >
            Lemon
          </h2>
          <button
            class="_close_40d523"
          >
            <svg
              fill="none"
              height="16"
              role="img"
              viewBox="0 0 16 16"
              width="16"
              xmlns="http://www.w3.org/2000/svg"
            >
              <path
                d="M15 1L8 8L15 15"
                stroke="black"
                stroke-width="1.2"
              />
              <path
                d="M1 1L8 8L0.999999 15"
                stroke="black"
                stroke-width="1.2"
              />
            </svg>
          </button>
        </header>
        <div
          class="_content_40d523"
        >
          Lorem, ipsum dolor sit amet consectetur adipisicing elit. Rem consequatur libero totam deleniti suscipit? Repellendus voluptatum officia, in, tempora dignissimos illo dolorem necessitatibus eos ex, provident rerum porro fugiat commodi! Lorem, ipsum dolor sit amet consectetur adipisicing elit. Rem consequatur libero totam deleniti suscipit? Repellendus voluptatum officia, in, tempora dignissimos illo dolorem necessitatibus eos ex, provident rerum porro fugiat commodi! Lorem, ipsum dolor sit amet consectetur adipisicing elit. Rem consequatur libero totam deleniti suscipit? Repellendus voluptatum officia, in, tempora dignissimos illo dolorem necessitatibus eos ex, provident rerum porro fugiat commodi! Lorem, ipsum dolor sit amet consectetur adipisicing elit. Rem consequatur libero totam deleniti suscipit? Repellendus voluptatum officia, in, tempora dignissimos illo dolorem necessitatibus eos ex, provident rerum porro fugiat commodi! Lorem, ipsum dolor sit amet consectetur adipisicing elit. Rem consequatur libero totam deleniti suscipit? Repellendus voluptatum officia, in, tempora dignissimos illo dolorem necessitatibus eos ex, provident rerum porro fugiat commodi! Lorem, ipsum dolor sit amet consectetur adipisicing elit. Rem consequatur libero totam deleniti suscipit? Repellendus voluptatum officia, in, tempora dignissimos illo dolorem necessitatibus eos ex, provident rerum porro fugiat commodi! Lorem, ipsum dolor sit amet consectetur adipisicing elit. Rem consequatur libero totam deleniti suscipit? Repellendus voluptatum officia, in, tempora dignissimos illo dolorem necessitatibus eos ex, provident rerum porro fugiat commodi! Lorem, ipsum dolor sit amet consectetur adipisicing elit. Rem consequatur libero totam deleniti suscipit? Repellendus voluptatum officia, in, tempora dignissimos illo dolorem necessitatibus eos ex, provident rerum porro fugiat commodi! Lorem, ipsum dolor sit amet consectetur adipisicing elit. Rem consequatur libero totam deleniti suscipit? Repellendus voluptatum officia, in, tempora dignissimos illo dolorem necessitatibus eos ex, provident rerum porro fugiat commodi! Lorem, ipsum dolor sit amet consectetur adipisicing elit. Rem consequatur libero totam deleniti suscipit? Repellendus voluptatum officia, in, tempora dignissimos illo dolorem necessitatibus eos ex, provident rerum porro fugiat commodi! Lorem, ipsum dolor sit amet consectetur adipisicing elit. Rem consequatur libero totam deleniti suscipit? Repellendus voluptatum officia, in, tempora dignissimos illo dolorem necessitatibus eos ex, provident rerum porro fugiat commodi! Lorem, ipsum dolor sit amet consectetur adipisicing elit. Rem consequatur libero totam deleniti suscipit? Repellendus voluptatum officia, in, tempora dignissimos illo dolorem necessitatibus eos ex, provident rerum porro fugiat commodi! Lorem, ipsum dolor sit amet consectetur adipisicing elit. Rem consequatur libero totam deleniti suscipit? Repellendus voluptatum officia, in, tempora dignissimos illo dolorem necessitatibus eos ex, provident rerum porro fugiat commodi! Lorem, ipsum dolor sit amet consectetur adipisicing elit. Rem consequatur libero totam deleniti suscipit? Repellendus voluptatum officia, in, tempora dignissimos illo dolorem necessitatibus eos ex, provident rerum porro fugiat commodi! Lorem, ipsum dolor sit amet consectetur adipisicing elit. Rem consequatur libero totam deleniti suscipit? Repellendus voluptatum officia, in, tempora dignissimos illo dolorem necessitatibus eos ex, provident rerum porro fugiat commodi! Lorem, ipsum dolor sit amet consectetur adipisicing elit. Rem consequatur libero totam deleniti suscipit? Repellendus voluptatum officia, in, tempora dignissimos illo dolorem necessitatibus eos ex, provident rerum porro fugiat commodi! Lorem, ipsum dolor sit amet consectetur adipisicing elit. Rem consequatur libero totam deleniti suscipit? Repellendus voluptatum officia, in, tempora dignissimos illo dolorem necessitatibus eos ex, provident rerum porro fugiat commodi! Lorem, ipsum dolor sit amet consectetur adipisicing elit. Rem consequatur libero totam deleniti suscipit? Repellendus voluptatum officia, in, tempora dignissimos illo dolorem necessitatibus eos ex, provident rerum porro fugiat commodi! Lorem, ipsum dolor sit amet consectetur adipisicing elit. Rem consequatur libero totam deleniti suscipit? Repellendus voluptatum officia, in, tempora dignissimos illo dolorem necessitatibus eos ex, provident rerum porro fugiat commodi! Lorem, ipsum dolor sit amet consectetur adipisicing elit. Rem consequatur libero totam deleniti suscipit? Repellendus voluptatum officia, in, tempora dignissimos illo dolorem necessitatibus eos ex, provident rerum porro fugiat commodi! Lorem, ipsum dolor sit amet consectetur adipisicing elit. Rem consequatur libero totam deleniti suscipit? Repellendus voluptatum officia, in, tempora dignissimos illo dolorem necessitatibus eos ex, provident rerum porro fugiat commodi! Lorem, ipsum dolor sit amet consectetur adipisicing elit. Rem consequatur libero totam deleniti suscipit? Repellendus voluptatum officia, in, tempora dignissimos illo dolorem necessitatibus eos ex, provident rerum porro fugiat commodi! Lorem, ipsum dolor sit amet consectetur adipisicing elit. Rem consequatur libero totam deleniti suscipit? Repellendus voluptatum officia, in, tempora dignissimos illo dolorem necessitatibus eos ex, provident rerum porro fugiat commodi! Lorem, ipsum dolor sit amet consectetur adipisicing elit. Rem consequatur libero totam deleniti suscipit? Repellendus voluptatum officia, in, tempora dignissimos illo dolorem necessitatibus eos ex, provident rerum porro fugiat commodi! Lorem, ipsum dolor sit amet consectetur adipisicing elit. Rem consequatur libero totam deleniti suscipit? Repellendus voluptatum officia, in, tempora dignissimos illo dolorem necessitatibus eos ex, provident rerum porro fugiat commodi! Lorem, ipsum dolor sit amet consectetur adipisicing elit. Rem consequatur libero totam deleniti suscipit? Repellendus voluptatum officia, in, tempora dignissimos illo dolorem necessitatibus eos ex, provident rerum porro fugiat commodi!
        </div>
      </dialog>
    </div>
  </div>
</body>
`;
